C51 COMPILER V9.56.0.0   MAIN                                                              10/08/2018 17:24:29 PAGE 1   


C51 COMPILER V9.56.0.0, COMPILATION OF MODULE MAIN
OBJECT MODULE PLACED IN .\Objects\main.obj
COMPILER INVOKED BY: e:\Keil_v5\C51\BIN\C51.EXE main.c OPTIMIZE(8,SPEED) BROWSE DEBUG OBJECTEXTEND PRINT(.\Listings\main
                    -.lst) TABS(2) OBJECT(.\Objects\main.obj)

line level    source

*** WARNING C500 IN LINE 1 OF main.c: LICENSE ERROR (R207(3): REGISTRY READ ERROR)

   1          #include"reg51.h"
   2          #include<intrins.h>
   3          #define uint unsigned int
   4          #define uchar unsigned char
   5          
   6          int delay(uint a)
   7          {
   8   1        int b;
   9   1        for(a;a>0;a--)
  10   1        for(b=110;b>0;b--);
  11   1        return 0;
  12   1      }
  13          
  14          int main()
  15          {
  16   1        P2=0x00;
  17   1        P2=0x01;
  18   1        while(1)
  19   1        {
  20   2          P2=_cror_(P2,1);
  21   2          delay(1000);
  22   2        }
  23   1        
  24   1      }


MODULE INFORMATION:   STATIC OVERLAYABLE
   CODE SIZE        =     61    ----
   CONSTANT SIZE    =   ----    ----
   XDATA SIZE       =   ----    ----
   PDATA SIZE       =   ----    ----
   DATA SIZE        =   ----    ----
   IDATA SIZE       =   ----    ----
   BIT SIZE         =   ----    ----
END OF MODULE INFORMATION.


C51 COMPILATION COMPLETE.  1 WARNING(S),  0 ERROR(S)
